#-----------------------------------------------------------
# Vivado v2022.1.2 (64-bit)
# SW Build 3605665 on Fri Aug  5 22:53:37 MDT 2022
# IP Build 3603185 on Sat Aug  6 04:07:44 MDT 2022
# Start of session at: Mon Apr 29 20:53:36 2024
# Process ID: 33784
# Current directory: C:/Users/iresh/OneDrive/Desktop/sem2/528 asic/ECE-428-Project/Verilog/project_1
# Command line: vivado.exe -gui_launcher_event rodinguilauncherevent29240 C:\Users\iresh\OneDrive\Desktop\sem2\528 asic\ECE-428-Project\Verilog\project_1\project_1.xpr
# Log file: C:/Users/iresh/OneDrive/Desktop/sem2/528 asic/ECE-428-Project/Verilog/project_1/vivado.log
# Journal file: C:/Users/iresh/OneDrive/Desktop/sem2/528 asic/ECE-428-Project/Verilog/project_1\vivado.jou
# Running On: iresh, OS: Windows, CPU Frequency: 2592 MHz, CPU Physical cores: 6, Host memory: 34069 MB
#-----------------------------------------------------------
start_gui
open_project {C:/Users/iresh/OneDrive/Desktop/sem2/528 asic/ECE-428-Project/Verilog/project_1/project_1.xpr}
update_compile_order -fileset sources_1
reset_project
launch_simulation
source MAC_TB.tcl
close_sim
launch_simulation
launch_simulation
launch_simulation
source MAC_TB.tcl
restart
run all
close_sim
launch_simulation
source MAC_TB.tcl
launch_runs synth_1 -jobs 6
wait_on_run synth_1
launch_simulation -mode post-synthesis -type functional
source MAC_TB.tcl
restart
run 10 us
run 10 us
run 10 us
current_sim simulation_3
close_sim
launch_simulation
launch_simulation
reset_project
launch_simulation
close_sim
