#-----------------------------------------------------------
# Vivado v2022.1.2 (64-bit)
# SW Build 3605665 on Fri Aug  5 22:53:37 MDT 2022
# IP Build 3603185 on Sat Aug  6 04:07:44 MDT 2022
# Start of session at: Tue Apr 30 21:05:58 2024
# Process ID: 28468
# Current directory: C:/Users/iresh/OneDrive/Desktop/sem2/528 asic/ECE-428-Project/Verilog/project_1/project_1.runs/SIG_ip_wrapper_0_0_synth_1
# Command line: vivado.exe -log SIG_ip_wrapper_0_0.vds -product Vivado -mode batch -messageDb vivado.pb -notrace -source SIG_ip_wrapper_0_0.tcl
# Log file: C:/Users/iresh/OneDrive/Desktop/sem2/528 asic/ECE-428-Project/Verilog/project_1/project_1.runs/SIG_ip_wrapper_0_0_synth_1/SIG_ip_wrapper_0_0.vds
# Journal file: C:/Users/iresh/OneDrive/Desktop/sem2/528 asic/ECE-428-Project/Verilog/project_1/project_1.runs/SIG_ip_wrapper_0_0_synth_1\vivado.jou
# Running On: iresh, OS: Windows, CPU Frequency: 2592 MHz, CPU Physical cores: 6, Host memory: 34069 MB
#-----------------------------------------------------------
source SIG_ip_wrapper_0_0.tcl -notrace
